// Jest Snapshot v1, https://goo.gl/fbAQLP

exports[`Timer renders correctly 1`] = `
<div
  className="timer"
>
  00:10
</div>
`;
